// Jest Snapshot v1, https://goo.gl/fbAQLP

exports[`shoud render ExpenseListItem with expense 1`] = `
<div>
  <Link
    to="/edit/2"
  >
    <h1>
      Rent
    </h1>
  </Link>
  <p>
    109500
     
    -345600000
  </p>
</div>
`;
